> Task :clean UP-TO-DATE
> Task :app:clean
> Task :app:preBuild UP-TO-DATE
> Task :app:preDebugBuild UP-TO-DATE
> Task :app:mergeDebugNativeDebugMetadata NO-SOURCE
> Task :app:checkKotlinGradlePluginConfigurationErrors
> Task :app:generateDebugResValues
> Task :app:checkDebugAarMetadata
> Task :app:mapDebugSourceSetPaths
> Task :app:generateDebugResources
> Task :app:packageDebugResources
> Task :app:parseDebugLocalResources
> Task :app:createDebugCompatibleScreenManifests
> Task :app:extractDeepLinksDebug
> Task :app:processDebugMainManifest
> Task :app:processDebugManifest
> Task :app:processDebugManifestForPackage
> Task :app:javaPreCompileDebug
> Task :app:mergeDebugShaders
> Task :app:compileDebugShaders NO-SOURCE
> Task :app:generateDebugAssets UP-TO-DATE
> Task :app:mergeDebugAssets
> Task :app:compressDebugAssets
> Task :app:desugarDebugFileDependencies
> Task :app:checkDebugDuplicateClasses
> Task :app:mergeDebugStartupProfile UP-TO-DATE
> Task :app:mergeDebugResources
> Task :app:mergeExtDexDebug
> Task :app:mergeLibDexDebug
> Task :app:mergeDebugJniLibFolders
> Task :app:mergeDebugNativeLibs NO-SOURCE
> Task :app:stripDebugDebugSymbols NO-SOURCE
> Task :app:validateSigningDebug
> Task :app:writeDebugAppMetadata
> Task :app:writeDebugSigningConfigVersions
> Task :app:processDebugResources

> Task :app:compileDebugKotlin
e: file:///workspaces/Ohhh-hymn/app/src/main/java/com/MyApp/DashboardActivity.kt:1:1 Modifier 'override' is not applicable to 'top level function'
e: file:///workspaces/Ohhh-hymn/app/src/main/java/com/MyApp/DashboardActivity.kt:2:5 No supertypes are accessible in this context
e: file:///workspaces/Ohhh-hymn/app/src/main/java/com/MyApp/DashboardActivity.kt:5:9 Unresolved reference: checkAllPermissions
e: file:///workspaces/Ohhh-hymn/app/src/main/java/com/MyApp/DashboardActivity.kt:5:34 Unresolved reference: checkNotificationAccess
e: file:///workspaces/Ohhh-hymn/app/src/main/java/com/MyApp/DashboardActivity.kt:5:63 Unresolved reference: checkAccessibilityAccess
e: file:///workspaces/Ohhh-hymn/app/src/main/java/com/MyApp/DashboardActivity.kt:6:9 Unresolved reference: requestScreenCapture
e: file:///workspaces/Ohhh-hymn/app/src/main/java/com/MyApp/MainActivity.kt:14:33 Unresolved reference: ActivityResultContracts
e: file:///workspaces/Ohhh-hymn/app/src/main/java/com/MyApp/MainActivity.kt:50:41 Not enough information to infer type variable I
e: file:///workspaces/Ohhh-hymn/app/src/main/java/com/MyApp/MainActivity.kt:51:9 Unresolved reference: ActivityResultContracts
e: file:///workspaces/Ohhh-hymn/app/src/main/java/com/MyApp/MainActivity.kt:52:9 Cannot infer a type for this parameter. Please specify it explicitly.
e: file:///workspaces/Ohhh-hymn/app/src/main/java/com/MyApp/MainActivity.kt:87:24 Unresolved reference: R
e: file:///workspaces/Ohhh-hymn/app/src/main/java/com/MyApp/MainActivity.kt:91:30 Unresolved reference: R
e: file:///workspaces/Ohhh-hymn/app/src/main/java/com/MyApp/PermissionsActivity.kt:1:1 Modifier 'override' is not applicable to 'top level function'
e: file:///workspaces/Ohhh-hymn/app/src/main/java/com/MyApp/PermissionsActivity.kt:6:5 No supertypes are accessible in this context
e: file:///workspaces/Ohhh-hymn/app/src/main/java/com/MyApp/PermissionsActivity.kt:7:56 Unresolved reference: PackageManager
e: file:///workspaces/Ohhh-hymn/app/src/main/java/com/MyApp/PermissionsActivity.kt:8:9 Unresolved reference: handleStartup
e: file:///workspaces/Ohhh-hymn/app/src/main/java/com/MyApp/PermissionsActivity.kt:10:9 Unresolved reference: Toast
e: file:///workspaces/Ohhh-hymn/app/src/main/java/com/MyApp/PermissionsActivity.kt:10:24 'this' is not defined in this context
e: file:///workspaces/Ohhh-hymn/app/src/main/java/com/MyApp/PermissionsActivity.kt:10:74 Unresolved reference: Toast
e: file:///workspaces/Ohhh-hymn/app/src/main/java/com/MyApp/PermissionsActivity.kt:11:9 Unresolved reference: statusText
e: file:///workspaces/Ohhh-hymn/app/src/main/java/com/MyApp/PermissionsActivity.kt:11:20 Variable expected
e: file:///workspaces/Ohhh-hymn/app/src/main/java/com/MyApp/ScreenCaptureService.kt:272:5 Expecting a top level declaration
e: file:///workspaces/Ohhh-hymn/app/src/main/java/com/MyApp/ScreenCaptureService.kt:501:1 Expecting a top level declaration
e: file:///workspaces/Ohhh-hymn/app/src/main/java/com/MyApp/ScreenCaptureService.kt:620:1 Expecting a top level declaration
e: file:///workspaces/Ohhh-hymn/app/src/main/java/com/MyApp/ScreenCaptureService.kt:939:14 Unexpected tokens (use ';' to separate expressions on the same line)
e: file:///workspaces/Ohhh-hymn/app/src/main/java/com/MyApp/ScreenCaptureService.kt:942:2 Expecting 'catch' or 'finally'
e: file:///workspaces/Ohhh-hymn/app/src/main/java/com/MyApp/ScreenCaptureService.kt:942:2 Expecting '}'
e: file:///workspaces/Ohhh-hymn/app/src/main/java/com/MyApp/ScreenCaptureService.kt:280:17 Conflicting declarations: private val frameQueue: LinkedBlockingQueue<ByteArray>, private lateinit var frameQueue: [Error type: Unresolved type for BlockingQueue<Bitmap>]<Bitmap>, private lateinit var frameQueue: [Error type: Unresolved type for BlockingQueue<Bitmap>]<Bitmap>
e: file:///workspaces/Ohhh-hymn/app/src/main/java/com/MyApp/ScreenCaptureService.kt:281:17 Conflicting declarations: private var senderThread: Thread?, private lateinit var senderThread: Thread, private lateinit var senderThread: Thread
e: file:///workspaces/Ohhh-hymn/app/src/main/java/com/MyApp/ScreenCaptureService.kt:286:5 Modifier 'override' is not applicable to 'top level function'
e: file:///workspaces/Ohhh-hymn/app/src/main/java/com/MyApp/ScreenCaptureService.kt:286:5 Conflicting overloads: public open fun onCreate(): Unit defined in com.example.socketclient in file ScreenCaptureService.kt, public open fun onCreate(): Unit defined in com.example.socketclient in file ScreenCaptureService.kt, public open fun onCreate(): Unit defined in com.example.socketclient in file ScreenCaptureService.kt
e: file:///workspaces/Ohhh-hymn/app/src/main/java/com/MyApp/ScreenCaptureService.kt:287:9 No supertypes are accessible in this context
e: file:///workspaces/Ohhh-hymn/app/src/main/java/com/MyApp/ScreenCaptureService.kt:291:5 Modifier 'override' is not applicable to 'top level function'
e: file:///workspaces/Ohhh-hymn/app/src/main/java/com/MyApp/ScreenCaptureService.kt:291:5 Conflicting overloads: public open fun onStartCommand(intent: Intent?, flags: Int, startId: Int): Int defined in com.example.socketclient in file ScreenCaptureService.kt, public open fun onStartCommand(intent: Intent?, flags: Int, startId: Int): Int defined in com.example.socketclient in file ScreenCaptureService.kt, public open fun onStartCommand(intent: Intent?, flags: Int, startId: Int): Int defined in com.example.socketclient in file ScreenCaptureService.kt
e: file:///workspaces/Ohhh-hymn/app/src/main/java/com/MyApp/ScreenCaptureService.kt:303:17 Unresolved reference: getSystemService
e: file:///workspaces/Ohhh-hymn/app/src/main/java/com/MyApp/ScreenCaptureService.kt:303:34 Unresolved reference: MEDIA_PROJECTION_SERVICE
e: file:///workspaces/Ohhh-hymn/app/src/main/java/com/MyApp/ScreenCaptureService.kt:308:17 Unresolved reference: startForeground
e: file:///workspaces/Ohhh-hymn/app/src/main/java/com/MyApp/ScreenCaptureService.kt:310:17 Overload resolution ambiguity: 
private fun startSenderThread(): Unit defined in com.example.socketclient in file ScreenCaptureService.kt
private fun startSenderThread(): Unit defined in com.example.socketclient in file ScreenCaptureService.kt
e: file:///workspaces/Ohhh-hymn/app/src/main/java/com/MyApp/ScreenCaptureService.kt:311:17 Overload resolution ambiguity: 
private fun startScreenCapture(): Unit defined in com.example.socketclient in file ScreenCaptureService.kt
private fun startScreenCapture(): Unit defined in com.example.socketclient in file ScreenCaptureService.kt
private fun startScreenCapture(): Unit defined in com.example.socketclient in file ScreenCaptureService.kt
e: file:///workspaces/Ohhh-hymn/app/src/main/java/com/MyApp/ScreenCaptureService.kt:314:17 Unresolved reference: stopSelf
e: file:///workspaces/Ohhh-hymn/app/src/main/java/com/MyApp/ScreenCaptureService.kt:318:13 Unresolved reference: stopSelf
e: file:///workspaces/Ohhh-hymn/app/src/main/java/com/MyApp/ScreenCaptureService.kt:321:16 Unresolved reference: START_STICKY
e: file:///workspaces/Ohhh-hymn/app/src/main/java/com/MyApp/ScreenCaptureService.kt:331:27 Unresolved reference: getSystemService
e: file:///workspaces/Ohhh-hymn/app/src/main/java/com/MyApp/ScreenCaptureService.kt:336:67 'this' is not defined in this context
e: file:///workspaces/Ohhh-hymn/app/src/main/java/com/MyApp/ScreenCaptureService.kt:347:5 Conflicting overloads: private fun startSenderThread(): Unit defined in com.example.socketclient in file ScreenCaptureService.kt, private fun startSenderThread(): Unit defined in com.example.socketclient in file ScreenCaptureService.kt
e: file:///workspaces/Ohhh-hymn/app/src/main/java/com/MyApp/ScreenCaptureService.kt:348:9 Overload resolution ambiguity: 
private lateinit var senderThread: Thread defined in com.example.socketclient in file ScreenCaptureService.kt
private lateinit var senderThread: Thread defined in com.example.socketclient in file ScreenCaptureService.kt
private var senderThread: Thread? defined in com.example.socketclient in file ScreenCaptureService.kt
e: file:///workspaces/Ohhh-hymn/app/src/main/java/com/MyApp/ScreenCaptureService.kt:357:62 Unresolved reference: SERVER_IP
e: file:///workspaces/Ohhh-hymn/app/src/main/java/com/MyApp/ScreenCaptureService.kt:357:73 Unresolved reference: SERVER_PORT
e: file:///workspaces/Ohhh-hymn/app/src/main/java/com/MyApp/ScreenCaptureService.kt:359:62 Unresolved reference: SERVER_IP
e: file:///workspaces/Ohhh-hymn/app/src/main/java/com/MyApp/ScreenCaptureService.kt:359:73 Unresolved reference: SERVER_PORT
e: file:///workspaces/Ohhh-hymn/app/src/main/java/com/MyApp/ScreenCaptureService.kt:370:33 Overload resolution ambiguity: 
private lateinit var frameQueue: [Error type: Unresolved type for BlockingQueue<Bitmap>]<Bitmap> defined in com.example.socketclient in file ScreenCaptureService.kt
private lateinit var frameQueue: [Error type: Unresolved type for BlockingQueue<Bitmap>]<Bitmap> defined in com.example.socketclient in file ScreenCaptureService.kt
private val frameQueue: LinkedBlockingQueue<ByteArray> defined in com.example.socketclient in file ScreenCaptureService.kt
e: file:///workspaces/Ohhh-hymn/app/src/main/java/com/MyApp/ScreenCaptureService.kt:373:47 Unresolved reference: size
e: file:///workspaces/Ohhh-hymn/app/src/main/java/com/MyApp/ScreenCaptureService.kt:374:30 Overload resolution ambiguity: 
public open fun write(p0: ByteArray!): Unit defined in java.io.OutputStream
public abstract fun write(p0: Int): Unit defined in java.io.OutputStream
e: file:///workspaces/Ohhh-hymn/app/src/main/java/com/MyApp/ScreenCaptureService.kt:376:30 Overload resolution ambiguity: 
public open fun write(p0: ByteArray!): Unit defined in java.io.OutputStream
public abstract fun write(p0: Int): Unit defined in java.io.OutputStream
e: file:///workspaces/Ohhh-hymn/app/src/main/java/com/MyApp/ScreenCaptureService.kt:378:57 Unresolved reference: size
e: file:///workspaces/Ohhh-hymn/app/src/main/java/com/MyApp/ScreenCaptureService.kt:384:25 Overload resolution ambiguity: 
private lateinit var frameQueue: [Error type: Unresolved type for BlockingQueue<Bitmap>]<Bitmap> defined in com.example.socketclient in file ScreenCaptureService.kt
private lateinit var frameQueue: [Error type: Unresolved type for BlockingQueue<Bitmap>]<Bitmap> defined in com.example.socketclient in file ScreenCaptureService.kt
private val frameQueue: LinkedBlockingQueue<ByteArray> defined in com.example.socketclient in file ScreenCaptureService.kt
e: file:///workspaces/Ohhh-hymn/app/src/main/java/com/MyApp/ScreenCaptureService.kt:399:9 Overload resolution ambiguity: 
private lateinit var senderThread: Thread defined in com.example.socketclient in file ScreenCaptureService.kt
private lateinit var senderThread: Thread defined in com.example.socketclient in file ScreenCaptureService.kt
private var senderThread: Thread? defined in com.example.socketclient in file ScreenCaptureService.kt
e: file:///workspaces/Ohhh-hymn/app/src/main/java/com/MyApp/ScreenCaptureService.kt:402:5 Conflicting overloads: private fun startScreenCapture(): Unit defined in com.example.socketclient in file ScreenCaptureService.kt, private fun startScreenCapture(): Unit defined in com.example.socketclient in file ScreenCaptureService.kt, private fun startScreenCapture(): Unit defined in com.example.socketclient in file ScreenCaptureService.kt
e: file:///workspaces/Ohhh-hymn/app/src/main/java/com/MyApp/ScreenCaptureService.kt:403:29 Unresolved reference: getSystemService
e: file:///workspaces/Ohhh-hymn/app/src/main/java/com/MyApp/ScreenCaptureService.kt:403:46 Unresolved reference: WINDOW_SERVICE
e: file:///workspaces/Ohhh-hymn/app/src/main/java/com/MyApp/ScreenCaptureService.kt:463:26 Overload resolution ambiguity: 
private lateinit var frameQueue: [Error type: Unresolved type for BlockingQueue<Bitmap>]<Bitmap> defined in com.example.socketclient in file ScreenCaptureService.kt
private lateinit var frameQueue: [Error type: Unresolved type for BlockingQueue<Bitmap>]<Bitmap> defined in com.example.socketclient in file ScreenCaptureService.kt
private val frameQueue: LinkedBlockingQueue<ByteArray> defined in com.example.socketclient in file ScreenCaptureService.kt
e: file:///workspaces/Ohhh-hymn/app/src/main/java/com/MyApp/ScreenCaptureService.kt:477:5 Modifier 'override' is not applicable to 'top level function'
e: file:///workspaces/Ohhh-hymn/app/src/main/java/com/MyApp/ScreenCaptureService.kt:477:5 Conflicting overloads: public open fun onDestroy(): Unit defined in com.example.socketclient in file ScreenCaptureService.kt, public open fun onDestroy(): Unit defined in com.example.socketclient in file ScreenCaptureService.kt, public open fun onDestroy(): Unit defined in com.example.socketclient in file SocketService.kt
e: file:///workspaces/Ohhh-hymn/app/src/main/java/com/MyApp/ScreenCaptureService.kt:484:13 Overload resolution ambiguity: 
private lateinit var senderThread: Thread defined in com.example.socketclient in file ScreenCaptureService.kt
private lateinit var senderThread: Thread defined in com.example.socketclient in file ScreenCaptureService.kt
private var senderThread: Thread? defined in com.example.socketclient in file ScreenCaptureService.kt
e: file:///workspaces/Ohhh-hymn/app/src/main/java/com/MyApp/ScreenCaptureService.kt:485:13 Overload resolution ambiguity: 
private lateinit var senderThread: Thread defined in com.example.socketclient in file ScreenCaptureService.kt
private lateinit var senderThread: Thread defined in com.example.socketclient in file ScreenCaptureService.kt
private var senderThread: Thread? defined in com.example.socketclient in file ScreenCaptureService.kt
e: file:///workspaces/Ohhh-hymn/app/src/main/java/com/MyApp/ScreenCaptureService.kt:495:9 Overload resolution ambiguity: 
private lateinit var frameQueue: [Error type: Unresolved type for BlockingQueue<Bitmap>]<Bitmap> defined in com.example.socketclient in file ScreenCaptureService.kt
private lateinit var frameQueue: [Error type: Unresolved type for BlockingQueue<Bitmap>]<Bitmap> defined in com.example.socketclient in file ScreenCaptureService.kt
private val frameQueue: LinkedBlockingQueue<ByteArray> defined in com.example.socketclient in file ScreenCaptureService.kt
e: file:///workspaces/Ohhh-hymn/app/src/main/java/com/MyApp/ScreenCaptureService.kt:497:9 No supertypes are accessible in this context
e: file:///workspaces/Ohhh-hymn/app/src/main/java/com/MyApp/ScreenCaptureService.kt:500:5 Modifier 'override' is not applicable to 'top level function'
e: file:///workspaces/Ohhh-hymn/app/src/main/java/com/MyApp/ScreenCaptureService.kt:500:5 Conflicting overloads: public open fun onBind(intent: Intent?): IBinder? defined in com.example.socketclient in file ScreenCaptureService.kt, public open fun onBind(intent: Intent?): IBinder? defined in com.example.socketclient in file ScreenCaptureService.kt, public open fun onBind(intent: Intent?): IBinder? defined in com.example.socketclient in file SocketService.kt
e: file:///workspaces/Ohhh-hymn/app/src/main/java/com/MyApp/ScreenCaptureService.kt:501:27 Conflicting declarations: private val frameQueue: LinkedBlockingQueue<ByteArray>, private lateinit var frameQueue: [Error type: Unresolved type for BlockingQueue<Bitmap>]<Bitmap>, private lateinit var frameQueue: [Error type: Unresolved type for BlockingQueue<Bitmap>]<Bitmap>
e: file:///workspaces/Ohhh-hymn/app/src/main/java/com/MyApp/ScreenCaptureService.kt:501:39 Unresolved reference: BlockingQueue
e: file:///workspaces/Ohhh-hymn/app/src/main/java/com/MyApp/ScreenCaptureService.kt:502:26 Conflicting declarations: private var senderThread: Thread?, private lateinit var senderThread: Thread, private lateinit var senderThread: Thread
e: file:///workspaces/Ohhh-hymn/app/src/main/java/com/MyApp/ScreenCaptureService.kt:503:17 Conflicting declarations: private var socket: Socket?, private var socket: Socket?
e: file:///workspaces/Ohhh-hymn/app/src/main/java/com/MyApp/ScreenCaptureService.kt:505:5 Modifier 'override' is not applicable to 'top level function'
e: file:///workspaces/Ohhh-hymn/app/src/main/java/com/MyApp/ScreenCaptureService.kt:505:5 Conflicting overloads: public open fun onCreate(): Unit defined in com.example.socketclient in file ScreenCaptureService.kt, public open fun onCreate(): Unit defined in com.example.socketclient in file ScreenCaptureService.kt, public open fun onCreate(): Unit defined in com.example.socketclient in file ScreenCaptureService.kt
e: file:///workspaces/Ohhh-hymn/app/src/main/java/com/MyApp/ScreenCaptureService.kt:506:9 No supertypes are accessible in this context
e: file:///workspaces/Ohhh-hymn/app/src/main/java/com/MyApp/ScreenCaptureService.kt:507:9 Overload resolution ambiguity: 
private lateinit var frameQueue: [Error type: Unresolved type for BlockingQueue<Bitmap>]<Bitmap> defined in com.example.socketclient in file ScreenCaptureService.kt
private lateinit var frameQueue: [Error type: Unresolved type for BlockingQueue<Bitmap>]<Bitmap> defined in com.example.socketclient in file ScreenCaptureService.kt
private val frameQueue: LinkedBlockingQueue<ByteArray> defined in com.example.socketclient in file ScreenCaptureService.kt
e: file:///workspaces/Ohhh-hymn/app/src/main/java/com/MyApp/ScreenCaptureService.kt:507:22 Unresolved reference: ArrayBlockingQueue
e: file:///workspaces/Ohhh-hymn/app/src/main/java/com/MyApp/ScreenCaptureService.kt:510:5 Modifier 'override' is not applicable to 'top level function'
e: file:///workspaces/Ohhh-hymn/app/src/main/java/com/MyApp/ScreenCaptureService.kt:510:5 Conflicting overloads: public open fun onStartCommand(intent: Intent?, flags: Int, startId: Int): Int defined in com.example.socketclient in file ScreenCaptureService.kt, public open fun onStartCommand(intent: Intent?, flags: Int, startId: Int): Int defined in com.example.socketclient in file ScreenCaptureService.kt, public open fun onStartCommand(intent: Intent?, flags: Int, startId: Int): Int defined in com.example.socketclient in file ScreenCaptureService.kt
e: file:///workspaces/Ohhh-hymn/app/src/main/java/com/MyApp/ScreenCaptureService.kt:513:20 Unresolved reference: START_NOT_STICKY
e: file:///workspaces/Ohhh-hymn/app/src/main/java/com/MyApp/ScreenCaptureService.kt:520:13 Unresolved reference: getSystemService
e: file:///workspaces/Ohhh-hymn/app/src/main/java/com/MyApp/ScreenCaptureService.kt:520:30 Unresolved reference: MEDIA_PROJECTION_SERVICE
e: file:///workspaces/Ohhh-hymn/app/src/main/java/com/MyApp/ScreenCaptureService.kt:523:9 Overload resolution ambiguity: 
private fun startForegroundService(): Unit defined in com.example.socketclient in file ScreenCaptureService.kt
private fun startForegroundService(): Unit defined in com.example.socketclient in file ScreenCaptureService.kt
e: file:///workspaces/Ohhh-hymn/app/src/main/java/com/MyApp/ScreenCaptureService.kt:524:9 Overload resolution ambiguity: 
private fun startScreenCapture(): Unit defined in com.example.socketclient in file ScreenCaptureService.kt
private fun startScreenCapture(): Unit defined in com.example.socketclient in file ScreenCaptureService.kt
private fun startScreenCapture(): Unit defined in com.example.socketclient in file ScreenCaptureService.kt
e: file:///workspaces/Ohhh-hymn/app/src/main/java/com/MyApp/ScreenCaptureService.kt:526:16 Unresolved reference: START_STICKY
e: file:///workspaces/Ohhh-hymn/app/src/main/java/com/MyApp/ScreenCaptureService.kt:529:5 Conflicting overloads: private fun startForegroundService(): Unit defined in com.example.socketclient in file ScreenCaptureService.kt, private fun startForegroundService(): Unit defined in com.example.socketclient in file ScreenCaptureService.kt
e: file:///workspaces/Ohhh-hymn/app/src/main/java/com/MyApp/ScreenCaptureService.kt:530:55 'this' is not defined in this context
e: file:///workspaces/Ohhh-hymn/app/src/main/java/com/MyApp/ScreenCaptureService.kt:533:27 Unresolved reference: R
e: file:///workspaces/Ohhh-hymn/app/src/main/java/com/MyApp/ScreenCaptureService.kt:536:9 Unresolved reference: startForeground
e: file:///workspaces/Ohhh-hymn/app/src/main/java/com/MyApp/ScreenCaptureService.kt:539:5 Conflicting overloads: private fun startScreenCapture(): Unit defined in com.example.socketclient in file ScreenCaptureService.kt, private fun startScreenCapture(): Unit defined in com.example.socketclient in file ScreenCaptureService.kt, private fun startScreenCapture(): Unit defined in com.example.socketclient in file ScreenCaptureService.kt
e: file:///workspaces/Ohhh-hymn/app/src/main/java/com/MyApp/ScreenCaptureService.kt:541:41 Only safe (?.) or non-null asserted (!!.) calls are allowed on a nullable receiver of type MediaProjection?
e: file:///workspaces/Ohhh-hymn/app/src/main/java/com/MyApp/ScreenCaptureService.kt:543:13 Unresolved reference: resources
e: file:///workspaces/Ohhh-hymn/app/src/main/java/com/MyApp/ScreenCaptureService.kt:545:13 Smart cast to 'ImageReader' is impossible, because 'imageReader' is a mutable property that could have been changed by this time
e: file:///workspaces/Ohhh-hymn/app/src/main/java/com/MyApp/ScreenCaptureService.kt:548:9 Smart cast to 'ImageReader' is impossible, because 'imageReader' is a mutable property that could have been changed by this time
e: file:///workspaces/Ohhh-hymn/app/src/main/java/com/MyApp/ScreenCaptureService.kt:551:17 Overload resolution ambiguity: 
private fun processFrame(image: Image): Unit defined in com.example.socketclient in file ScreenCaptureService.kt
private fun processFrame(image: Image): Unit defined in com.example.socketclient in file ScreenCaptureService.kt
e: file:///workspaces/Ohhh-hymn/app/src/main/java/com/MyApp/ScreenCaptureService.kt:556:12 Unresolved reference: Looper
e: file:///workspaces/Ohhh-hymn/app/src/main/java/com/MyApp/ScreenCaptureService.kt:559:5 Conflicting overloads: private fun processFrame(image: Image): Unit defined in com.example.socketclient in file ScreenCaptureService.kt, private fun processFrame(image: Image): Unit defined in com.example.socketclient in file ScreenCaptureService.kt
e: file:///workspaces/Ohhh-hymn/app/src/main/java/com/MyApp/ScreenCaptureService.kt:560:22 Overload resolution ambiguity: 
private fun imageToBitmap(image: Image): Bitmap defined in com.example.socketclient in file ScreenCaptureService.kt
private fun imageToBitmap(image: Image): Bitmap defined in com.example.socketclient in file ScreenCaptureService.kt
e: file:///workspaces/Ohhh-hymn/app/src/main/java/com/MyApp/ScreenCaptureService.kt:562:13 Overload resolution ambiguity: 
private fun sendFrameToSocket(frame: Bitmap): Unit defined in com.example.socketclient in file ScreenCaptureService.kt
private fun sendFrameToSocket(frame: Bitmap): Unit defined in com.example.socketclient in file ScreenCaptureService.kt
e: file:///workspaces/Ohhh-hymn/app/src/main/java/com/MyApp/ScreenCaptureService.kt:570:5 Conflicting overloads: private fun sendFrameToSocket(frame: Bitmap): Unit defined in com.example.socketclient in file ScreenCaptureService.kt, private fun sendFrameToSocket(frame: Bitmap): Unit defined in com.example.socketclient in file ScreenCaptureService.kt
e: file:///workspaces/Ohhh-hymn/app/src/main/java/com/MyApp/ScreenCaptureService.kt:572:17 Overload resolution ambiguity: 
private var socket: Socket? defined in com.example.socketclient in file ScreenCaptureService.kt
private var socket: Socket? defined in com.example.socketclient in file ScreenCaptureService.kt
e: file:///workspaces/Ohhh-hymn/app/src/main/java/com/MyApp/ScreenCaptureService.kt:572:35 Overload resolution ambiguity: 
private var socket: Socket? defined in com.example.socketclient in file ScreenCaptureService.kt
private var socket: Socket? defined in com.example.socketclient in file ScreenCaptureService.kt
e: file:///workspaces/Ohhh-hymn/app/src/main/java/com/MyApp/ScreenCaptureService.kt:573:17 Overload resolution ambiguity: 
private var socket: Socket? defined in com.example.socketclient in file ScreenCaptureService.kt
private var socket: Socket? defined in com.example.socketclient in file ScreenCaptureService.kt
e: file:///workspaces/Ohhh-hymn/app/src/main/java/com/MyApp/ScreenCaptureService.kt:573:33 Unresolved reference: SERVER_IP
e: file:///workspaces/Ohhh-hymn/app/src/main/java/com/MyApp/ScreenCaptureService.kt:573:44 Unresolved reference: SERVER_PORT
e: file:///workspaces/Ohhh-hymn/app/src/main/java/com/MyApp/ScreenCaptureService.kt:575:29 Overload resolution ambiguity: 
private fun compressFrame(frame: Bitmap): ByteArray defined in com.example.socketclient in file ScreenCaptureService.kt
private fun compressFrame(frame: Bitmap): ByteArray defined in com.example.socketclient in file ScreenCaptureService.kt
e: file:///workspaces/Ohhh-hymn/app/src/main/java/com/MyApp/ScreenCaptureService.kt:576:13 Overload resolution ambiguity: 
private var socket: Socket? defined in com.example.socketclient in file ScreenCaptureService.kt
private var socket: Socket? defined in com.example.socketclient in file ScreenCaptureService.kt
e: file:///workspaces/Ohhh-hymn/app/src/main/java/com/MyApp/ScreenCaptureService.kt:576:46 Cannot infer a type for this parameter. Please specify it explicitly.
e: file:///workspaces/Ohhh-hymn/app/src/main/java/com/MyApp/ScreenCaptureService.kt:582:13 Overload resolution ambiguity: 
private var socket: Socket? defined in com.example.socketclient in file ScreenCaptureService.kt
private var socket: Socket? defined in com.example.socketclient in file ScreenCaptureService.kt
e: file:///workspaces/Ohhh-hymn/app/src/main/java/com/MyApp/ScreenCaptureService.kt:583:13 Overload resolution ambiguity: 
private var socket: Socket? defined in com.example.socketclient in file ScreenCaptureService.kt
private var socket: Socket? defined in com.example.socketclient in file ScreenCaptureService.kt
e: file:///workspaces/Ohhh-hymn/app/src/main/java/com/MyApp/ScreenCaptureService.kt:587:5 Conflicting overloads: private fun compressFrame(frame: Bitmap): ByteArray defined in com.example.socketclient in file ScreenCaptureService.kt, private fun compressFrame(frame: Bitmap): ByteArray defined in com.example.socketclient in file ScreenCaptureService.kt
e: file:///workspaces/Ohhh-hymn/app/src/main/java/com/MyApp/ScreenCaptureService.kt:593:5 Conflicting overloads: private fun imageToBitmap(image: Image): Bitmap defined in com.example.socketclient in file ScreenCaptureService.kt, private fun imageToBitmap(image: Image): Bitmap defined in com.example.socketclient in file ScreenCaptureService.kt
e: file:///workspaces/Ohhh-hymn/app/src/main/java/com/MyApp/ScreenCaptureService.kt:608:5 Modifier 'override' is not applicable to 'top level function'
e: file:///workspaces/Ohhh-hymn/app/src/main/java/com/MyApp/ScreenCaptureService.kt:608:5 Conflicting overloads: public open fun onDestroy(): Unit defined in com.example.socketclient in file ScreenCaptureService.kt, public open fun onDestroy(): Unit defined in com.example.socketclient in file ScreenCaptureService.kt, public open fun onDestroy(): Unit defined in com.example.socketclient in file SocketService.kt
e: file:///workspaces/Ohhh-hymn/app/src/main/java/com/MyApp/ScreenCaptureService.kt:609:9 No supertypes are accessible in this context
e: file:///workspaces/Ohhh-hymn/app/src/main/java/com/MyApp/ScreenCaptureService.kt:611:27 Only safe (?.) or non-null asserted (!!.) calls are allowed on a nullable receiver of type VirtualDisplay?
e: file:///workspaces/Ohhh-hymn/app/src/main/java/com/MyApp/ScreenCaptureService.kt:612:24 Only safe (?.) or non-null asserted (!!.) calls are allowed on a nullable receiver of type ImageReader?
e: file:///workspaces/Ohhh-hymn/app/src/main/java/com/MyApp/ScreenCaptureService.kt:613:28 Only safe (?.) or non-null asserted (!!.) calls are allowed on a nullable receiver of type MediaProjection?
e: file:///workspaces/Ohhh-hymn/app/src/main/java/com/MyApp/ScreenCaptureService.kt:614:13 Overload resolution ambiguity: 
private var socket: Socket? defined in com.example.socketclient in file ScreenCaptureService.kt
private var socket: Socket? defined in com.example.socketclient in file ScreenCaptureService.kt
e: file:///workspaces/Ohhh-hymn/app/src/main/java/com/MyApp/ScreenCaptureService.kt:619:5 Modifier 'override' is not applicable to 'top level function'
e: file:///workspaces/Ohhh-hymn/app/src/main/java/com/MyApp/ScreenCaptureService.kt:619:5 Conflicting overloads: public open fun onBind(intent: Intent?): IBinder? defined in com.example.socketclient in file ScreenCaptureService.kt, public open fun onBind(intent: Intent?): IBinder? defined in com.example.socketclient in file ScreenCaptureService.kt, public open fun onBind(intent: Intent?): IBinder? defined in com.example.socketclient in file SocketService.kt
e: file:///workspaces/Ohhh-hymn/app/src/main/java/com/MyApp/ScreenCaptureService.kt:620:27 Conflicting declarations: private val frameQueue: LinkedBlockingQueue<ByteArray>, private lateinit var frameQueue: [Error type: Unresolved type for BlockingQueue<Bitmap>]<Bitmap>, private lateinit var frameQueue: [Error type: Unresolved type for BlockingQueue<Bitmap>]<Bitmap>
e: file:///workspaces/Ohhh-hymn/app/src/main/java/com/MyApp/ScreenCaptureService.kt:620:39 Unresolved reference: BlockingQueue
e: file:///workspaces/Ohhh-hymn/app/src/main/java/com/MyApp/ScreenCaptureService.kt:621:26 Conflicting declarations: private var senderThread: Thread?, private lateinit var senderThread: Thread, private lateinit var senderThread: Thread
e: file:///workspaces/Ohhh-hymn/app/src/main/java/com/MyApp/ScreenCaptureService.kt:622:17 Conflicting declarations: private var socket: Socket?, private var socket: Socket?
e: file:///workspaces/Ohhh-hymn/app/src/main/java/com/MyApp/ScreenCaptureService.kt:624:5 Modifier 'override' is not applicable to 'top level function'
e: file:///workspaces/Ohhh-hymn/app/src/main/java/com/MyApp/ScreenCaptureService.kt:624:5 Conflicting overloads: public open fun onCreate(): Unit defined in com.example.socketclient in file ScreenCaptureService.kt, public open fun onCreate(): Unit defined in com.example.socketclient in file ScreenCaptureService.kt, public open fun onCreate(): Unit defined in com.example.socketclient in file ScreenCaptureService.kt
e: file:///workspaces/Ohhh-hymn/app/src/main/java/com/MyApp/ScreenCaptureService.kt:625:9 No supertypes are accessible in this context
e: file:///workspaces/Ohhh-hymn/app/src/main/java/com/MyApp/ScreenCaptureService.kt:626:9 Overload resolution ambiguity: 
private lateinit var frameQueue: [Error type: Unresolved type for BlockingQueue<Bitmap>]<Bitmap> defined in com.example.socketclient in file ScreenCaptureService.kt
private lateinit var frameQueue: [Error type: Unresolved type for BlockingQueue<Bitmap>]<Bitmap> defined in com.example.socketclient in file ScreenCaptureService.kt
private val frameQueue: LinkedBlockingQueue<ByteArray> defined in com.example.socketclient in file ScreenCaptureService.kt
e: file:///workspaces/Ohhh-hymn/app/src/main/java/com/MyApp/ScreenCaptureService.kt:626:22 Unresolved reference: ArrayBlockingQueue
e: file:///workspaces/Ohhh-hymn/app/src/main/java/com/MyApp/ScreenCaptureService.kt:629:5 Modifier 'override' is not applicable to 'top level function'
e: file:///workspaces/Ohhh-hymn/app/src/main/java/com/MyApp/ScreenCaptureService.kt:629:5 Conflicting overloads: public open fun onStartCommand(intent: Intent?, flags: Int, startId: Int): Int defined in com.example.socketclient in file ScreenCaptureService.kt, public open fun onStartCommand(intent: Intent?, flags: Int, startId: Int): Int defined in com.example.socketclient in file ScreenCaptureService.kt, public open fun onStartCommand(intent: Intent?, flags: Int, startId: Int): Int defined in com.example.socketclient in file ScreenCaptureService.kt
e: file:///workspaces/Ohhh-hymn/app/src/main/java/com/MyApp/ScreenCaptureService.kt:632:20 Unresolved reference: START_NOT_STICKY
e: file:///workspaces/Ohhh-hymn/app/src/main/java/com/MyApp/ScreenCaptureService.kt:639:13 Unresolved reference: getSystemService
e: file:///workspaces/Ohhh-hymn/app/src/main/java/com/MyApp/ScreenCaptureService.kt:639:30 Unresolved reference: MEDIA_PROJECTION_SERVICE
e: file:///workspaces/Ohhh-hymn/app/src/main/java/com/MyApp/ScreenCaptureService.kt:642:9 Overload resolution ambiguity: 
private fun startForegroundService(): Unit defined in com.example.socketclient in file ScreenCaptureService.kt
private fun startForegroundService(): Unit defined in com.example.socketclient in file ScreenCaptureService.kt
e: file:///workspaces/Ohhh-hymn/app/src/main/java/com/MyApp/ScreenCaptureService.kt:644:9 Overload resolution ambiguity: 
private fun startScreenCapture(): Unit defined in com.example.socketclient in file ScreenCaptureService.kt
private fun startScreenCapture(): Unit defined in com.example.socketclient in file ScreenCaptureService.kt
private fun startScreenCapture(): Unit defined in com.example.socketclient in file ScreenCaptureService.kt
e: file:///workspaces/Ohhh-hymn/app/src/main/java/com/MyApp/ScreenCaptureService.kt:646:16 No supertypes are accessible in this context
e: file:///workspaces/Ohhh-hymn/app/src/main/java/com/MyApp/ScreenCaptureService.kt:649:5 Conflicting overloads: private fun startForegroundService(): Unit defined in com.example.socketclient in file ScreenCaptureService.kt, private fun startForegroundService(): Unit defined in com.example.socketclient in file ScreenCaptureService.kt
e: file:///workspaces/Ohhh-hymn/app/src/main/java/com/MyApp/ScreenCaptureService.kt:650:55 'this' is not defined in this context
e: file:///workspaces/Ohhh-hymn/app/src/main/java/com/MyApp/ScreenCaptureService.kt:653:27 Unresolved reference: R
e: file:///workspaces/Ohhh-hymn/app/src/main/java/com/MyApp/ScreenCaptureService.kt:656:9 Unresolved reference: startForeground
e: file:///workspaces/Ohhh-hymn/app/src/main/java/com/MyApp/ScreenCaptureService.kt:659:5 Conflicting overloads: private fun startScreenCapture(): Unit defined in com.example.socketclient in file ScreenCaptureService.kt, private fun startScreenCapture(): Unit defined in com.example.socketclient in file ScreenCaptureService.kt, private fun startScreenCapture(): Unit defined in com.example.socketclient in file ScreenCaptureService.kt
e: file:///workspaces/Ohhh-hymn/app/src/main/java/com/MyApp/ScreenCaptureService.kt:661:41 Only safe (?.) or non-null asserted (!!.) calls are allowed on a nullable receiver of type MediaProjection?
e: file:///workspaces/Ohhh-hymn/app/src/main/java/com/MyApp/ScreenCaptureService.kt:663:13 Unresolved reference: resources
e: file:///workspaces/Ohhh-hymn/app/src/main/java/com/MyApp/ScreenCaptureService.kt:665:13 Smart cast to 'ImageReader' is impossible, because 'imageReader' is a mutable property that could have been changed by this time
e: file:///workspaces/Ohhh-hymn/app/src/main/java/com/MyApp/ScreenCaptureService.kt:668:9 Smart cast to 'ImageReader' is impossible, because 'imageReader' is a mutable property that could have been changed by this time
e: file:///workspaces/Ohhh-hymn/app/src/main/java/com/MyApp/ScreenCaptureService.kt:671:17 Overload resolution ambiguity: 
private fun processFrame(image: Image): Unit defined in com.example.socketclient in file ScreenCaptureService.kt
private fun processFrame(image: Image): Unit defined in com.example.socketclient in file ScreenCaptureService.kt
e: file:///workspaces/Ohhh-hymn/app/src/main/java/com/MyApp/ScreenCaptureService.kt:676:12 Unresolved reference: Looper
e: file:///workspaces/Ohhh-hymn/app/src/main/java/com/MyApp/ScreenCaptureService.kt:678:9 Overload resolution ambiguity: 
private fun startSenderThread(): Unit defined in com.example.socketclient in file ScreenCaptureService.kt
private fun startSenderThread(): Unit defined in com.example.socketclient in file ScreenCaptureService.kt
e: file:///workspaces/Ohhh-hymn/app/src/main/java/com/MyApp/ScreenCaptureService.kt:681:5 Conflicting overloads: private fun processFrame(image: Image): Unit defined in com.example.socketclient in file ScreenCaptureService.kt, private fun processFrame(image: Image): Unit defined in com.example.socketclient in file ScreenCaptureService.kt
e: file:///workspaces/Ohhh-hymn/app/src/main/java/com/MyApp/ScreenCaptureService.kt:682:22 Overload resolution ambiguity: 
private fun imageToBitmap(image: Image): Bitmap defined in com.example.socketclient in file ScreenCaptureService.kt
private fun imageToBitmap(image: Image): Bitmap defined in com.example.socketclient in file ScreenCaptureService.kt
e: file:///workspaces/Ohhh-hymn/app/src/main/java/com/MyApp/ScreenCaptureService.kt:685:13 Overload resolution ambiguity: 
private fun sendFrameToSocket(frame: Bitmap): Unit defined in com.example.socketclient in file ScreenCaptureService.kt
private fun sendFrameToSocket(frame: Bitmap): Unit defined in com.example.socketclient in file ScreenCaptureService.kt
e: file:///workspaces/Ohhh-hymn/app/src/main/java/com/MyApp/ScreenCaptureService.kt:693:5 Conflicting overloads: private fun sendFrameToSocket(frame: Bitmap): Unit defined in com.example.socketclient in file ScreenCaptureService.kt, private fun sendFrameToSocket(frame: Bitmap): Unit defined in com.example.socketclient in file ScreenCaptureService.kt
e: file:///workspaces/Ohhh-hymn/app/src/main/java/com/MyApp/ScreenCaptureService.kt:694:25 Overload resolution ambiguity: 
private fun compressFrame(frame: Bitmap): ByteArray defined in com.example.socketclient in file ScreenCaptureService.kt
private fun compressFrame(frame: Bitmap): ByteArray defined in com.example.socketclient in file ScreenCaptureService.kt
e: file:///workspaces/Ohhh-hymn/app/src/main/java/com/MyApp/ScreenCaptureService.kt:695:9 Overload resolution ambiguity: 
private var socket: Socket? defined in com.example.socketclient in file ScreenCaptureService.kt
private var socket: Socket? defined in com.example.socketclient in file ScreenCaptureService.kt
e: file:///workspaces/Ohhh-hymn/app/src/main/java/com/MyApp/ScreenCaptureService.kt:695:42 Cannot infer a type for this parameter. Please specify it explicitly.
e: file:///workspaces/Ohhh-hymn/app/src/main/java/com/MyApp/ScreenCaptureService.kt:701:5 Conflicting overloads: private fun compressFrame(frame: Bitmap): ByteArray defined in com.example.socketclient in file ScreenCaptureService.kt, private fun compressFrame(frame: Bitmap): ByteArray defined in com.example.socketclient in file ScreenCaptureService.kt
e: file:///workspaces/Ohhh-hymn/app/src/main/java/com/MyApp/ScreenCaptureService.kt:707:5 Conflicting overloads: private fun imageToBitmap(image: Image): Bitmap defined in com.example.socketclient in file ScreenCaptureService.kt, private fun imageToBitmap(image: Image): Bitmap defined in com.example.socketclient in file ScreenCaptureService.kt
e: file:///workspaces/Ohhh-hymn/app/src/main/java/com/MyApp/ScreenCaptureService.kt:723:9 Overload resolution ambiguity: 
private lateinit var senderThread: Thread defined in com.example.socketclient in file ScreenCaptureService.kt
private lateinit var senderThread: Thread defined in com.example.socketclient in file ScreenCaptureService.kt
private var senderThread: Thread? defined in com.example.socketclient in file ScreenCaptureService.kt
e: file:///workspaces/Ohhh-hymn/app/src/main/java/com/MyApp/ScreenCaptureService.kt:726:21 Overload resolution ambiguity: 
private var socket: Socket? defined in com.example.socketclient in file ScreenCaptureService.kt
private var socket: Socket? defined in com.example.socketclient in file ScreenCaptureService.kt
e: file:///workspaces/Ohhh-hymn/app/src/main/java/com/MyApp/ScreenCaptureService.kt:726:37 Unresolved reference: SERVER_IP
e: file:///workspaces/Ohhh-hymn/app/src/main/java/com/MyApp/ScreenCaptureService.kt:726:48 Unresolved reference: SERVER_PORT
e: file:///workspaces/Ohhh-hymn/app/src/main/java/com/MyApp/ScreenCaptureService.kt:727:25 This variable must either have a type annotation or be initialized
e: file:///workspaces/Ohhh-hymn/app/src/main/java/com/MyApp/ScreenCaptureService.kt:729:5 Modifier 'private' is not applicable to 'local variable'
e: file:///workspaces/Ohhh-hymn/app/src/main/java/com/MyApp/ScreenCaptureService.kt:730:5 Modifier 'private' is not applicable to 'local variable'
e: file:///workspaces/Ohhh-hymn/app/src/main/java/com/MyApp/ScreenCaptureService.kt:733:5 Modifier 'private' is not applicable to 'local variable'
e: file:///workspaces/Ohhh-hymn/app/src/main/java/com/MyApp/ScreenCaptureService.kt:734:5 Modifier 'private' is not applicable to 'local variable'
e: file:///workspaces/Ohhh-hymn/app/src/main/java/com/MyApp/ScreenCaptureService.kt:737:5 Modifier 'private' is not applicable to 'local variable'
e: file:///workspaces/Ohhh-hymn/app/src/main/java/com/MyApp/ScreenCaptureService.kt:738:5 Modifier 'private' is not applicable to 'local variable'
e: file:///workspaces/Ohhh-hymn/app/src/main/java/com/MyApp/ScreenCaptureService.kt:740:5 Modifier 'override' is not applicable to 'local function'
e: file:///workspaces/Ohhh-hymn/app/src/main/java/com/MyApp/ScreenCaptureService.kt:752:17 Unresolved reference: getSystemService
e: file:///workspaces/Ohhh-hymn/app/src/main/java/com/MyApp/ScreenCaptureService.kt:752:34 Unresolved reference: MEDIA_PROJECTION_SERVICE
e: file:///workspaces/Ohhh-hymn/app/src/main/java/com/MyApp/ScreenCaptureService.kt:758:17 Overload resolution ambiguity: 
private fun startSenderThread(): Unit defined in com.example.socketclient in file ScreenCaptureService.kt
private fun startSenderThread(): Unit defined in com.example.socketclient in file ScreenCaptureService.kt
e: file:///workspaces/Ohhh-hymn/app/src/main/java/com/MyApp/ScreenCaptureService.kt:759:17 Overload resolution ambiguity: 
private fun startScreenCapture(): Unit defined in com.example.socketclient in file ScreenCaptureService.kt
private fun startScreenCapture(): Unit defined in com.example.socketclient in file ScreenCaptureService.kt
private fun startScreenCapture(): Unit defined in com.example.socketclient in file ScreenCaptureService.kt
e: file:///workspaces/Ohhh-hymn/app/src/main/java/com/MyApp/ScreenCaptureService.kt:767:16 Unresolved reference: START_STICKY
e: file:///workspaces/Ohhh-hymn/app/src/main/java/com/MyApp/ScreenCaptureService.kt:770:5 Modifier 'private' is not applicable to 'local function'
e: file:///workspaces/Ohhh-hymn/app/src/main/java/com/MyApp/ScreenCaptureService.kt:775:5 Modifier 'private' is not applicable to 'local function'
e: file:///workspaces/Ohhh-hymn/app/src/main/java/com/MyApp/ScreenCaptureService.kt:783:43 Smart cast to 'Socket' is impossible, because 'socket' is a local variable that is captured by a changing closure
e: file:///workspaces/Ohhh-hymn/app/src/main/java/com/MyApp/ScreenCaptureService.kt:783:63 Smart cast to 'Socket' is impossible, because 'socket' is a local variable that is captured by a changing closure
e: file:///workspaces/Ohhh-hymn/app/src/main/java/com/MyApp/ScreenCaptureService.kt:786:29 Smart cast to 'Socket' is impossible, because 'socket' is a local variable that is captured by a changing closure
e: file:///workspaces/Ohhh-hymn/app/src/main/java/com/MyApp/ScreenCaptureService.kt:787:35 Smart cast to 'Socket' is impossible, because 'socket' is a local variable that is captured by a changing closure
e: file:///workspaces/Ohhh-hymn/app/src/main/java/com/MyApp/ScreenCaptureService.kt:832:5 Modifier 'private' is not applicable to 'local function'
e: file:///workspaces/Ohhh-hymn/app/src/main/java/com/MyApp/ScreenCaptureService.kt:833:29 Unresolved reference: getSystemService
e: file:///workspaces/Ohhh-hymn/app/src/main/java/com/MyApp/ScreenCaptureService.kt:833:46 Unresolved reference: WINDOW_SERVICE
e: file:///workspaces/Ohhh-hymn/app/src/main/java/com/MyApp/ScreenCaptureService.kt:917:5 Modifier 'override' is not applicable to 'local function'
e: file:///workspaces/Ohhh-hymn/app/src/main/java/com/MyApp/ScreenCaptureService.kt:934:9 No supertypes are accessible in this context
e: file:///workspaces/Ohhh-hymn/app/src/main/java/com/MyApp/ScreenCaptureService.kt:937:5 Modifier 'override' is not applicable to 'local function'
e: file:///workspaces/Ohhh-hymn/app/src/main/java/com/MyApp/ScreenCaptureService.kt:939:5 Unresolved reference: companion
e: file:///workspaces/Ohhh-hymn/app/src/main/java/com/MyApp/ScreenCaptureService.kt:940:17 Const 'val' are only allowed on top level, in named objects, or in companion objects
e: file:///workspaces/Ohhh-hymn/app/src/main/java/com/MyApp/SocketService.kt:232:18 Expecting a top level declaration
e: file:///workspaces/Ohhh-hymn/app/src/main/java/com/MyApp/SocketService.kt:232:19 Expecting a top level declaration
e: file:///workspaces/Ohhh-hymn/app/src/main/java/com/MyApp/SocketService.kt:232:41 Expecting a top level declaration
e: file:///workspaces/Ohhh-hymn/app/src/main/java/com/MyApp/SocketService.kt:232:42 Expecting a top level declaration
e: file:///workspaces/Ohhh-hymn/app/src/main/java/com/MyApp/SocketService.kt:233:17 Expecting a top level declaration
e: file:///workspaces/Ohhh-hymn/app/src/main/java/com/MyApp/SocketService.kt:233:36 Expecting a top level declaration
e: file:///workspaces/Ohhh-hymn/app/src/main/java/com/MyApp/SocketService.kt:233:37 Expecting a top level declaration
e: file:///workspaces/Ohhh-hymn/app/src/main/java/com/MyApp/SocketService.kt:234:13 Expecting a top level declaration
e: file:///workspaces/Ohhh-hymn/app/src/main/java/com/MyApp/SocketService.kt:236:13 Expecting a top level declaration
e: file:///workspaces/Ohhh-hymn/app/src/main/java/com/MyApp/SocketService.kt:236:20 Expecting a top level declaration
e: file:///workspaces/Ohhh-hymn/app/src/main/java/com/MyApp/SocketService.kt:236:21 Expecting a top level declaration
e: file:///workspaces/Ohhh-hymn/app/src/main/java/com/MyApp/SocketService.kt:236:46 Expecting a top level declaration
e: file:///workspaces/Ohhh-hymn/app/src/main/java/com/MyApp/SocketService.kt:236:47 Expecting a top level declaration
e: file:///workspaces/Ohhh-hymn/app/src/main/java/com/MyApp/SocketService.kt:236:54 Expecting a top level declaration
e: file:///workspaces/Ohhh-hymn/app/src/main/java/com/MyApp/SocketService.kt:237:9 Expecting a top level declaration
e: file:///workspaces/Ohhh-hymn/app/src/main/java/com/MyApp/SocketService.kt:238:5 Expecting a top level declaration
e: file:///workspaces/Ohhh-hymn/app/src/main/java/com/MyApp/SocketService.kt:268:1 Expecting a top level declaration
e: file:///workspaces/Ohhh-hymn/app/src/main/java/com/MyApp/SocketService.kt:235:27 Unresolved reference: getSystemService
e: file:///workspaces/Ohhh-hymn/app/src/main/java/com/MyApp/SocketService.kt:241:43 'this' is not defined in this context
e: file:///workspaces/Ohhh-hymn/app/src/main/java/com/MyApp/SocketService.kt:243:44 Unresolved reference: SERVER_IP
e: file:///workspaces/Ohhh-hymn/app/src/main/java/com/MyApp/SocketService.kt:243:55 Unresolved reference: SERVER_PORT
e: file:///workspaces/Ohhh-hymn/app/src/main/java/com/MyApp/SocketService.kt:244:27 Unresolved reference: R
e: file:///workspaces/Ohhh-hymn/app/src/main/java/com/MyApp/SocketService.kt:251:17 None of the following functions can be called with the arguments supplied: 
private var socket: Socket? defined in com.example.socketclient in file ScreenCaptureService.kt
private var socket: Socket? defined in com.example.socketclient in file ScreenCaptureService.kt
e: file:///workspaces/Ohhh-hymn/app/src/main/java/com/MyApp/SocketService.kt:260:5 Modifier 'override' is not applicable to 'top level function'
e: file:///workspaces/Ohhh-hymn/app/src/main/java/com/MyApp/SocketService.kt:260:5 Conflicting overloads: public open fun onBind(intent: Intent?): IBinder? defined in com.example.socketclient in file ScreenCaptureService.kt, public open fun onBind(intent: Intent?): IBinder? defined in com.example.socketclient in file ScreenCaptureService.kt, public open fun onBind(intent: Intent?): IBinder? defined in com.example.socketclient in file SocketService.kt
e: file:///workspaces/Ohhh-hymn/app/src/main/java/com/MyApp/SocketService.kt:264:5 Modifier 'override' is not applicable to 'top level function'
e: file:///workspaces/Ohhh-hymn/app/src/main/java/com/MyApp/SocketService.kt:264:5 Conflicting overloads: public open fun onDestroy(): Unit defined in com.example.socketclient in file ScreenCaptureService.kt, public open fun onDestroy(): Unit defined in com.example.socketclient in file ScreenCaptureService.kt, public open fun onDestroy(): Unit defined in com.example.socketclient in file SocketService.kt
e: file:///workspaces/Ohhh-hymn/app/src/main/java/com/MyApp/SocketService.kt:265:9 None of the following functions can be called with the arguments supplied: 
private var socket: Socket? defined in com.example.socketclient in file ScreenCaptureService.kt
private var socket: Socket? defined in com.example.socketclient in file ScreenCaptureService.kt
e: file:///workspaces/Ohhh-hymn/app/src/main/java/com/MyApp/SocketService.kt:266:9 No supertypes are accessible in this context
e: file:///workspaces/Ohhh-hymn/app/src/main/java/com/MyApp/StartupActivity.kt:1:1 Modifier 'override' is not applicable to 'top level function'
e: file:///workspaces/Ohhh-hymn/app/src/main/java/com/MyApp/StartupActivity.kt:1:43 Unresolved reference: Bundle
e: file:///workspaces/Ohhh-hymn/app/src/main/java/com/MyApp/StartupActivity.kt:2:5 No supertypes are accessible in this context
e: file:///workspaces/Ohhh-hymn/app/src/main/java/com/MyApp/StartupActivity.kt:3:5 Unresolved reference: setContentView
e: file:///workspaces/Ohhh-hymn/app/src/main/java/com/MyApp/StartupActivity.kt:3:20 Unresolved reference: R
e: file:///workspaces/Ohhh-hymn/app/src/main/java/com/MyApp/StartupActivity.kt:5:5 Unresolved reference: prefs
e: file:///workspaces/Ohhh-hymn/app/src/main/java/com/MyApp/StartupActivity.kt:5:13 Unresolved reference: getSharedPreferences
e: file:///workspaces/Ohhh-hymn/app/src/main/java/com/MyApp/StartupActivity.kt:5:47 Unresolved reference: Context
e: file:///workspaces/Ohhh-hymn/app/src/main/java/com/MyApp/StartupActivity.kt:6:5 Unresolved reference: statusText
e: file:///workspaces/Ohhh-hymn/app/src/main/java/com/MyApp/StartupActivity.kt:6:18 Unresolved reference: findViewById
e: file:///workspaces/Ohhh-hymn/app/src/main/java/com/MyApp/StartupActivity.kt:6:31 Unresolved reference: R
e: file:///workspaces/Ohhh-hymn/app/src/main/java/com/MyApp/StartupActivity.kt:8:15 Unresolved reference: findViewById
e: file:///workspaces/Ohhh-hymn/app/src/main/java/com/MyApp/StartupActivity.kt:8:28 Unresolved reference: Button
e: file:///workspaces/Ohhh-hymn/app/src/main/java/com/MyApp/StartupActivity.kt:8:36 Unresolved reference: R
e: file:///workspaces/Ohhh-hymn/app/src/main/java/com/MyApp/StartupActivity.kt:10:13 Unresolved reference: checkAllPermissions
e: file:///workspaces/Ohhh-hymn/app/src/main/java/com/MyApp/StartupActivity.kt:11:13 Unresolved reference: handleStartup
e: file:///workspaces/Ohhh-hymn/app/src/main/java/com/MyApp/StartupActivity.kt:13:13 Unresolved reference: ActivityCompat
e: file:///workspaces/Ohhh-hymn/app/src/main/java/com/MyApp/StartupActivity.kt:13:47 'this' is not defined in this context
e: file:///workspaces/Ohhh-hymn/app/src/main/java/com/MyApp/StartupActivity.kt:13:53 Unresolved reference: permissions
e: file:///workspaces/Ohhh-hymn/app/src/main/java/com/MyApp/StartupActivity.kt:18:5 Unresolved reference: statusText
e: file:///workspaces/Ohhh-hymn/app/src/main/java/com/MyApp/StartupActivity.kt:18:16 Variable expected
e: file:///workspaces/Ohhh-hymn/app/src/main/java/com/MyApp/SyncWorker.kt:4:17 Unresolved reference: work
e: file:///workspaces/Ohhh-hymn/app/src/main/java/com/MyApp/SyncWorker.kt:5:17 Unresolved reference: work
e: file:///workspaces/Ohhh-hymn/app/src/main/java/com/MyApp/SyncWorker.kt:7:44 Unresolved reference: WorkerParameters
e: file:///workspaces/Ohhh-hymn/app/src/main/java/com/MyApp/SyncWorker.kt:7:64 Unresolved reference: Worker
e: file:///workspaces/Ohhh-hymn/app/src/main/java/com/MyApp/SyncWorker.kt:8:5 'doWork' overrides nothing
e: file:///workspaces/Ohhh-hymn/app/src/main/java/com/MyApp/SyncWorker.kt:8:28 One type argument expected for class Result<out T>
e: file:///workspaces/Ohhh-hymn/app/src/main/java/com/MyApp/SyncWorker.kt:10:23 Not enough information to infer type variable T
e: file:///workspaces/Ohhh-hymn/app/src/main/java/com/MyApp/SyncWorker.kt:10:30 No value passed for parameter 'value'

> Task :app:compileDebugKotlin FAILED

FAILURE: Build failed with an exception.

* What went wrong:
Execution failed for task ':app:compileDebugKotlin'.
> A failure occurred while executing org.jetbrains.kotlin.compilerRunner.GradleCompilerRunnerWithWorkers$GradleKotlinCompilerWorkAction
   > Compilation error. See log for more details

* Try:
> Run with --info or --debug option to get more log output.
> Run with --scan to get full insights.
> Get more help at https://help.gradle.org.

* Exception is:
org.gradle.api.tasks.TaskExecutionException: Execution failed for task ':app:compileDebugKotlin'.
	at org.gradle.api.internal.tasks.execution.ExecuteActionsTaskExecuter.lambda$executeIfValid$1(ExecuteActionsTaskExecuter.java:130)
	at org.gradle.internal.Try$Failure.ifSuccessfulOrElse(Try.java:282)
	at org.gradle.api.internal.tasks.execution.ExecuteActionsTaskExecuter.executeIfValid(ExecuteActionsTaskExecuter.java:128)
	at org.gradle.api.internal.tasks.execution.ExecuteActionsTaskExecuter.execute(ExecuteActionsTaskExecuter.java:116)
	at org.gradle.api.internal.tasks.execution.FinalizePropertiesTaskExecuter.execute(FinalizePropertiesTaskExecuter.java:46)
	at org.gradle.api.internal.tasks.execution.ResolveTaskExecutionModeExecuter.execute(ResolveTaskExecutionModeExecuter.java:51)
	at org.gradle.api.internal.tasks.execution.SkipTaskWithNoActionsExecuter.execute(SkipTaskWithNoActionsExecuter.java:57)
	at org.gradle.api.internal.tasks.execution.SkipOnlyIfTaskExecuter.execute(SkipOnlyIfTaskExecuter.java:74)
	at org.gradle.api.internal.tasks.execution.CatchExceptionTaskExecuter.execute(CatchExceptionTaskExecuter.java:36)
	at org.gradle.api.internal.tasks.execution.EventFiringTaskExecuter$1.executeTask(EventFiringTaskExecuter.java:77)
	at org.gradle.api.internal.tasks.execution.EventFiringTaskExecuter$1.call(EventFiringTaskExecuter.java:55)
	at org.gradle.api.internal.tasks.execution.EventFiringTaskExecuter$1.call(EventFiringTaskExecuter.java:52)
	at org.gradle.internal.operations.DefaultBuildOperationRunner$CallableBuildOperationWorker.execute(DefaultBuildOperationRunner.java:200)
	at org.gradle.internal.operations.DefaultBuildOperationRunner$CallableBuildOperationWorker.execute(DefaultBuildOperationRunner.java:195)
	at org.gradle.internal.operations.DefaultBuildOperationRunner$2.execute(DefaultBuildOperationRunner.java:66)
	at org.gradle.internal.operations.DefaultBuildOperationRunner$2.execute(DefaultBuildOperationRunner.java:59)
	at org.gradle.internal.operations.DefaultBuildOperationRunner.execute(DefaultBuildOperationRunner.java:157)
	at org.gradle.internal.operations.DefaultBuildOperationRunner.execute(DefaultBuildOperationRunner.java:59)
	at org.gradle.internal.operations.DefaultBuildOperationRunner.call(DefaultBuildOperationRunner.java:53)
	at org.gradle.internal.operations.DefaultBuildOperationExecutor.call(DefaultBuildOperationExecutor.java:73)
	at org.gradle.api.internal.tasks.execution.EventFiringTaskExecuter.execute(EventFiringTaskExecuter.java:52)
	at org.gradle.execution.plan.LocalTaskNodeExecutor.execute(LocalTaskNodeExecutor.java:42)
	at org.gradle.execution.taskgraph.DefaultTaskExecutionGraph$InvokeNodeExecutorsAction.execute(DefaultTaskExecutionGraph.java:331)
	at org.gradle.execution.taskgraph.DefaultTaskExecutionGraph$InvokeNodeExecutorsAction.execute(DefaultTaskExecutionGraph.java:318)
	at org.gradle.execution.taskgraph.DefaultTaskExecutionGraph$BuildOperationAwareExecutionAction.lambda$execute$0(DefaultTaskExecutionGraph.java:314)
	at org.gradle.internal.operations.CurrentBuildOperationRef.with(CurrentBuildOperationRef.java:80)
	at org.gradle.execution.taskgraph.DefaultTaskExecutionGraph$BuildOperationAwareExecutionAction.execute(DefaultTaskExecutionGraph.java:314)
	at org.gradle.execution.taskgraph.DefaultTaskExecutionGraph$BuildOperationAwareExecutionAction.execute(DefaultTaskExecutionGraph.java:303)
	at org.gradle.execution.plan.DefaultPlanExecutor$ExecutorWorker.execute(DefaultPlanExecutor.java:463)
	at org.gradle.execution.plan.DefaultPlanExecutor$ExecutorWorker.run(DefaultPlanExecutor.java:380)
	at org.gradle.internal.concurrent.ExecutorPolicy$CatchAndRecordFailures.onExecute(ExecutorPolicy.java:64)
	at org.gradle.internal.concurrent.AbstractManagedExecutor$1.run(AbstractManagedExecutor.java:47)
Caused by: org.gradle.workers.internal.DefaultWorkerExecutor$WorkExecutionException: A failure occurred while executing org.jetbrains.kotlin.compilerRunner.GradleCompilerRunnerWithWorkers$GradleKotlinCompilerWorkAction
	at org.gradle.workers.internal.DefaultWorkerExecutor$WorkItemExecution.waitForCompletion(DefaultWorkerExecutor.java:287)
	at org.gradle.internal.work.DefaultAsyncWorkTracker.lambda$waitForItemsAndGatherFailures$2(DefaultAsyncWorkTracker.java:130)
	at org.gradle.internal.Factories$1.create(Factories.java:31)
	at org.gradle.internal.work.DefaultWorkerLeaseService.withoutLocks(DefaultWorkerLeaseService.java:336)
	at org.gradle.internal.work.DefaultWorkerLeaseService.withoutLocks(DefaultWorkerLeaseService.java:319)
	at org.gradle.internal.work.DefaultWorkerLeaseService.withoutLock(DefaultWorkerLeaseService.java:324)
	at org.gradle.internal.work.DefaultAsyncWorkTracker.waitForItemsAndGatherFailures(DefaultAsyncWorkTracker.java:126)
	at org.gradle.internal.work.DefaultAsyncWorkTracker.waitForItemsAndGatherFailures(DefaultAsyncWorkTracker.java:92)
	at org.gradle.internal.work.DefaultAsyncWorkTracker.waitForAll(DefaultAsyncWorkTracker.java:78)
	at org.gradle.internal.work.DefaultAsyncWorkTracker.waitForCompletion(DefaultAsyncWorkTracker.java:66)
	at org.gradle.api.internal.tasks.execution.TaskExecution$3.run(TaskExecution.java:252)
	at org.gradle.internal.operations.DefaultBuildOperationRunner$1.execute(DefaultBuildOperationRunner.java:29)
	at org.gradle.internal.operations.DefaultBuildOperationRunner$1.execute(DefaultBuildOperationRunner.java:26)
	at org.gradle.internal.operations.DefaultBuildOperationRunner$2.execute(DefaultBuildOperationRunner.java:66)
	at org.gradle.internal.operations.DefaultBuildOperationRunner$2.execute(DefaultBuildOperationRunner.java:59)
	at org.gradle.internal.operations.DefaultBuildOperationRunner.execute(DefaultBuildOperationRunner.java:157)
	at org.gradle.internal.operations.DefaultBuildOperationRunner.execute(DefaultBuildOperationRunner.java:59)
	at org.gradle.internal.operations.DefaultBuildOperationRunner.run(DefaultBuildOperationRunner.java:47)
	at org.gradle.internal.operations.DefaultBuildOperationExecutor.run(DefaultBuildOperationExecutor.java:68)
	at org.gradle.api.internal.tasks.execution.TaskExecution.executeAction(TaskExecution.java:229)
	at org.gradle.api.internal.tasks.execution.TaskExecution.executeActions(TaskExecution.java:212)
	at org.gradle.api.internal.tasks.execution.TaskExecution.executeWithPreviousOutputFiles(TaskExecution.java:195)
	at org.gradle.api.internal.tasks.execution.TaskExecution.execute(TaskExecution.java:162)
	at org.gradle.internal.execution.steps.ExecuteStep.executeInternal(ExecuteStep.java:105)
	at org.gradle.internal.execution.steps.ExecuteStep.access$000(ExecuteStep.java:44)
	at org.gradle.internal.execution.steps.ExecuteStep$1.call(ExecuteStep.java:59)
	at org.gradle.internal.execution.steps.ExecuteStep$1.call(ExecuteStep.java:56)
	at org.gradle.internal.operations.DefaultBuildOperationRunner$CallableBuildOperationWorker.execute(DefaultBuildOperationRunner.java:200)
	at org.gradle.internal.operations.DefaultBuildOperationRunner$CallableBuildOperationWorker.execute(DefaultBuildOperationRunner.java:195)
	at org.gradle.internal.operations.DefaultBuildOperationRunner$2.execute(DefaultBuildOperationRunner.java:66)
	at org.gradle.internal.operations.DefaultBuildOperationRunner$2.execute(DefaultBuildOperationRunner.java:59)
	at org.gradle.internal.operations.DefaultBuildOperationRunner.execute(DefaultBuildOperationRunner.java:157)
	at org.gradle.internal.operations.DefaultBuildOperationRunner.execute(DefaultBuildOperationRunner.java:59)
	at org.gradle.internal.operations.DefaultBuildOperationRunner.call(DefaultBuildOperationRunner.java:53)
	at org.gradle.internal.operations.DefaultBuildOperationExecutor.call(DefaultBuildOperationExecutor.java:73)
	at org.gradle.internal.execution.steps.ExecuteStep.execute(ExecuteStep.java:56)
	at org.gradle.internal.execution.steps.ExecuteStep.execute(ExecuteStep.java:44)
	at org.gradle.internal.execution.steps.CancelExecutionStep.execute(CancelExecutionStep.java:41)
	at org.gradle.internal.execution.steps.TimeoutStep.executeWithoutTimeout(TimeoutStep.java:74)
	at org.gradle.internal.execution.steps.TimeoutStep.execute(TimeoutStep.java:55)
	at org.gradle.internal.execution.steps.PreCreateOutputParentsStep.execute(PreCreateOutputParentsStep.java:50)
	at org.gradle.internal.execution.steps.PreCreateOutputParentsStep.execute(PreCreateOutputParentsStep.java:28)
	at org.gradle.internal.execution.steps.RemovePreviousOutputsStep.execute(RemovePreviousOutputsStep.java:67)
	at org.gradle.internal.execution.steps.RemovePreviousOutputsStep.execute(RemovePreviousOutputsStep.java:37)
	at org.gradle.internal.execution.steps.BroadcastChangingOutputsStep.execute(BroadcastChangingOutputsStep.java:61)
	at org.gradle.internal.execution.steps.BroadcastChangingOutputsStep.execute(BroadcastChangingOutputsStep.java:26)
	at org.gradle.internal.execution.steps.CaptureOutputsAfterExecutionStep.execute(CaptureOutputsAfterExecutionStep.java:67)
	at org.gradle.internal.execution.steps.CaptureOutputsAfterExecutionStep.execute(CaptureOutputsAfterExecutionStep.java:45)
	at org.gradle.internal.execution.steps.ResolveInputChangesStep.execute(ResolveInputChangesStep.java:40)
	at org.gradle.internal.execution.steps.ResolveInputChangesStep.execute(ResolveInputChangesStep.java:29)
	at org.gradle.internal.execution.steps.BuildCacheStep.executeWithoutCache(BuildCacheStep.java:189)
	at org.gradle.internal.execution.steps.BuildCacheStep.lambda$execute$1(BuildCacheStep.java:75)
	at org.gradle.internal.Either$Right.fold(Either.java:175)
	at org.gradle.internal.execution.caching.CachingState.fold(CachingState.java:62)
	at org.gradle.internal.execution.steps.BuildCacheStep.execute(BuildCacheStep.java:73)
	at org.gradle.internal.execution.steps.BuildCacheStep.execute(BuildCacheStep.java:48)
	at org.gradle.internal.execution.steps.StoreExecutionStateStep.execute(StoreExecutionStateStep.java:46)
	at org.gradle.internal.execution.steps.StoreExecutionStateStep.execute(StoreExecutionStateStep.java:35)
	at org.gradle.internal.execution.steps.SkipUpToDateStep.executeBecause(SkipUpToDateStep.java:76)
	at org.gradle.internal.execution.steps.SkipUpToDateStep.lambda$execute$2(SkipUpToDateStep.java:54)
	at org.gradle.internal.execution.steps.SkipUpToDateStep.execute(SkipUpToDateStep.java:54)
	at org.gradle.internal.execution.steps.SkipUpToDateStep.execute(SkipUpToDateStep.java:36)
	at org.gradle.internal.execution.steps.legacy.MarkSnapshottingInputsFinishedStep.execute(MarkSnapshottingInputsFinishedStep.java:37)
	at org.gradle.internal.execution.steps.legacy.MarkSnapshottingInputsFinishedStep.execute(MarkSnapshottingInputsFinishedStep.java:27)
	at org.gradle.internal.execution.steps.ResolveIncrementalCachingStateStep.executeDelegate(ResolveIncrementalCachingStateStep.java:49)
	at org.gradle.internal.execution.steps.ResolveIncrementalCachingStateStep.executeDelegate(ResolveIncrementalCachingStateStep.java:27)
	at org.gradle.internal.execution.steps.AbstractResolveCachingStateStep.execute(AbstractResolveCachingStateStep.java:71)
	at org.gradle.internal.execution.steps.AbstractResolveCachingStateStep.execute(AbstractResolveCachingStateStep.java:39)
	at org.gradle.internal.execution.steps.ResolveChangesStep.execute(ResolveChangesStep.java:65)
	at org.gradle.internal.execution.steps.ResolveChangesStep.execute(ResolveChangesStep.java:36)
	at org.gradle.internal.execution.steps.ValidateStep.execute(ValidateStep.java:106)
	at org.gradle.internal.execution.steps.ValidateStep.execute(ValidateStep.java:55)
	at org.gradle.internal.execution.steps.AbstractCaptureStateBeforeExecutionStep.execute(AbstractCaptureStateBeforeExecutionStep.java:64)
	at org.gradle.internal.execution.steps.AbstractCaptureStateBeforeExecutionStep.execute(AbstractCaptureStateBeforeExecutionStep.java:43)
	at org.gradle.internal.execution.steps.AbstractSkipEmptyWorkStep.executeWithNonEmptySources(AbstractSkipEmptyWorkStep.java:125)
	at org.gradle.internal.execution.steps.AbstractSkipEmptyWorkStep.execute(AbstractSkipEmptyWorkStep.java:61)
	at org.gradle.internal.execution.steps.AbstractSkipEmptyWorkStep.execute(AbstractSkipEmptyWorkStep.java:36)
	at org.gradle.internal.execution.steps.legacy.MarkSnapshottingInputsStartedStep.execute(MarkSnapshottingInputsStartedStep.java:38)
	at org.gradle.internal.execution.steps.LoadPreviousExecutionStateStep.execute(LoadPreviousExecutionStateStep.java:36)
	at org.gradle.internal.execution.steps.LoadPreviousExecutionStateStep.execute(LoadPreviousExecutionStateStep.java:23)
	at org.gradle.internal.execution.steps.HandleStaleOutputsStep.execute(HandleStaleOutputsStep.java:75)
	at org.gradle.internal.execution.steps.HandleStaleOutputsStep.execute(HandleStaleOutputsStep.java:41)
	at org.gradle.internal.execution.steps.AssignMutableWorkspaceStep.lambda$execute$0(AssignMutableWorkspaceStep.java:35)
	at org.gradle.api.internal.tasks.execution.TaskExecution$4.withWorkspace(TaskExecution.java:289)
	at org.gradle.internal.execution.steps.AssignMutableWorkspaceStep.execute(AssignMutableWorkspaceStep.java:31)
	at org.gradle.internal.execution.steps.AssignMutableWorkspaceStep.execute(AssignMutableWorkspaceStep.java:22)
	at org.gradle.internal.execution.steps.ChoosePipelineStep.execute(ChoosePipelineStep.java:40)
	at org.gradle.internal.execution.steps.ChoosePipelineStep.execute(ChoosePipelineStep.java:23)
	at org.gradle.internal.execution.steps.ExecuteWorkBuildOperationFiringStep.lambda$execute$2(ExecuteWorkBuildOperationFiringStep.java:67)
	at org.gradle.internal.execution.steps.ExecuteWorkBuildOperationFiringStep.execute(ExecuteWorkBuildOperationFiringStep.java:67)
	at org.gradle.internal.execution.steps.ExecuteWorkBuildOperationFiringStep.execute(ExecuteWorkBuildOperationFiringStep.java:39)
	at org.gradle.internal.execution.steps.IdentityCacheStep.execute(IdentityCacheStep.java:46)
	at org.gradle.internal.execution.steps.IdentityCacheStep.execute(IdentityCacheStep.java:34)
	at org.gradle.internal.execution.steps.IdentifyStep.execute(IdentifyStep.java:48)
	at org.gradle.internal.execution.steps.IdentifyStep.execute(IdentifyStep.java:35)
	at org.gradle.internal.execution.impl.DefaultExecutionEngine$1.execute(DefaultExecutionEngine.java:61)
	at org.gradle.api.internal.tasks.execution.ExecuteActionsTaskExecuter.executeIfValid(ExecuteActionsTaskExecuter.java:127)
	at org.gradle.api.internal.tasks.execution.ExecuteActionsTaskExecuter.execute(ExecuteActionsTaskExecuter.java:116)
	at org.gradle.api.internal.tasks.execution.FinalizePropertiesTaskExecuter.execute(FinalizePropertiesTaskExecuter.java:46)
	at org.gradle.api.internal.tasks.execution.ResolveTaskExecutionModeExecuter.execute(ResolveTaskExecutionModeExecuter.java:51)
	at org.gradle.api.internal.tasks.execution.SkipTaskWithNoActionsExecuter.execute(SkipTaskWithNoActionsExecuter.java:57)
	at org.gradle.api.internal.tasks.execution.SkipOnlyIfTaskExecuter.execute(SkipOnlyIfTaskExecuter.java:74)
	at org.gradle.api.internal.tasks.execution.CatchExceptionTaskExecuter.execute(CatchExceptionTaskExecuter.java:36)
	at org.gradle.api.internal.tasks.execution.EventFiringTaskExecuter$1.executeTask(EventFiringTaskExecuter.java:77)
	at org.gradle.api.internal.tasks.execution.EventFiringTaskExecuter$1.call(EventFiringTaskExecuter.java:55)
	at org.gradle.api.internal.tasks.execution.EventFiringTaskExecuter$1.call(EventFiringTaskExecuter.java:52)
	at org.gradle.internal.operations.DefaultBuildOperationRunner$CallableBuildOperationWorker.execute(DefaultBuildOperationRunner.java:200)
	at org.gradle.internal.operations.DefaultBuildOperationRunner$CallableBuildOperationWorker.execute(DefaultBuildOperationRunner.java:195)
	at org.gradle.internal.operations.DefaultBuildOperationRunner$2.execute(DefaultBuildOperationRunner.java:66)
	at org.gradle.internal.operations.DefaultBuildOperationRunner$2.execute(DefaultBuildOperationRunner.java:59)
	at org.gradle.internal.operations.DefaultBuildOperationRunner.execute(DefaultBuildOperationRunner.java:157)
	at org.gradle.internal.operations.DefaultBuildOperationRunner.execute(DefaultBuildOperationRunner.java:59)
	at org.gradle.internal.operations.DefaultBuildOperationRunner.call(DefaultBuildOperationRunner.java:53)
	at org.gradle.internal.operations.DefaultBuildOperationExecutor.call(DefaultBuildOperationExecutor.java:73)
	at org.gradle.api.internal.tasks.execution.EventFiringTaskExecuter.execute(EventFiringTaskExecuter.java:52)
	at org.gradle.execution.plan.LocalTaskNodeExecutor.execute(LocalTaskNodeExecutor.java:42)
	at org.gradle.execution.taskgraph.DefaultTaskExecutionGraph$InvokeNodeExecutorsAction.execute(DefaultTaskExecutionGraph.java:331)
	at org.gradle.execution.taskgraph.DefaultTaskExecutionGraph$InvokeNodeExecutorsAction.execute(DefaultTaskExecutionGraph.java:318)
	at org.gradle.execution.taskgraph.DefaultTaskExecutionGraph$BuildOperationAwareExecutionAction.lambda$execute$0(DefaultTaskExecutionGraph.java:314)
	at org.gradle.internal.operations.CurrentBuildOperationRef.with(CurrentBuildOperationRef.java:80)
	at org.gradle.execution.taskgraph.DefaultTaskExecutionGraph$BuildOperationAwareExecutionAction.execute(DefaultTaskExecutionGraph.java:314)
	at org.gradle.execution.taskgraph.DefaultTaskExecutionGraph$BuildOperationAwareExecutionAction.execute(DefaultTaskExecutionGraph.java:303)
	at org.gradle.execution.plan.DefaultPlanExecutor$ExecutorWorker.execute(DefaultPlanExecutor.java:463)
	at org.gradle.execution.plan.DefaultPlanExecutor$ExecutorWorker.run(DefaultPlanExecutor.java:380)
	at org.gradle.internal.concurrent.ExecutorPolicy$CatchAndRecordFailures.onExecute(ExecutorPolicy.java:64)
	at org.gradle.internal.concurrent.AbstractManagedExecutor$1.run(AbstractManagedExecutor.java:47)
Caused by: org.jetbrains.kotlin.gradle.tasks.CompilationErrorException: Compilation error. See log for more details
	at org.jetbrains.kotlin.gradle.tasks.TasksUtilsKt.throwExceptionIfCompilationFailed(tasksUtils.kt:20)
	at org.jetbrains.kotlin.compilerRunner.GradleKotlinCompilerWork.run(GradleKotlinCompilerWork.kt:141)
	at org.jetbrains.kotlin.compilerRunner.GradleCompilerRunnerWithWorkers$GradleKotlinCompilerWorkAction.execute(GradleCompilerRunnerWithWorkers.kt:73)
	at org.gradle.workers.internal.DefaultWorkerServer.execute(DefaultWorkerServer.java:63)
	at org.gradle.workers.internal.NoIsolationWorkerFactory$1$1.create(NoIsolationWorkerFactory.java:66)
	at org.gradle.workers.internal.NoIsolationWorkerFactory$1$1.create(NoIsolationWorkerFactory.java:62)
	at org.gradle.internal.classloader.ClassLoaderUtils.executeInClassloader(ClassLoaderUtils.java:100)
	at org.gradle.workers.internal.NoIsolationWorkerFactory$1.lambda$execute$0(NoIsolationWorkerFactory.java:62)
	at org.gradle.workers.internal.AbstractWorker$1.call(AbstractWorker.java:44)
	at org.gradle.workers.internal.AbstractWorker$1.call(AbstractWorker.java:41)
	at org.gradle.internal.operations.DefaultBuildOperationRunner$CallableBuildOperationWorker.execute(DefaultBuildOperationRunner.java:200)
	at org.gradle.internal.operations.DefaultBuildOperationRunner$CallableBuildOperationWorker.execute(DefaultBuildOperationRunner.java:195)
	at org.gradle.internal.operations.DefaultBuildOperationRunner$2.execute(DefaultBuildOperationRunner.java:66)
	at org.gradle.internal.operations.DefaultBuildOperationRunner$2.execute(DefaultBuildOperationRunner.java:59)
	at org.gradle.internal.operations.DefaultBuildOperationRunner.execute(DefaultBuildOperationRunner.java:157)
	at org.gradle.internal.operations.DefaultBuildOperationRunner.execute(DefaultBuildOperationRunner.java:59)
	at org.gradle.internal.operations.DefaultBuildOperationRunner.call(DefaultBuildOperationRunner.java:53)
	at org.gradle.internal.operations.DefaultBuildOperationExecutor.call(DefaultBuildOperationExecutor.java:73)
	at org.gradle.workers.internal.AbstractWorker.executeWrappedInBuildOperation(AbstractWorker.java:41)
	at org.gradle.workers.internal.NoIsolationWorkerFactory$1.execute(NoIsolationWorkerFactory.java:59)
	at org.gradle.workers.internal.DefaultWorkerExecutor.lambda$submitWork$0(DefaultWorkerExecutor.java:174)
	at org.gradle.internal.work.DefaultConditionalExecutionQueue$ExecutionRunner.runExecution(DefaultConditionalExecutionQueue.java:187)
	at org.gradle.internal.work.DefaultConditionalExecutionQueue$ExecutionRunner.access$700(DefaultConditionalExecutionQueue.java:120)
	at org.gradle.internal.work.DefaultConditionalExecutionQueue$ExecutionRunner$1.run(DefaultConditionalExecutionQueue.java:162)
	at org.gradle.internal.Factories$1.create(Factories.java:31)
	at org.gradle.internal.work.DefaultWorkerLeaseService.withLocks(DefaultWorkerLeaseService.java:264)
	at org.gradle.internal.work.DefaultWorkerLeaseService.runAsWorkerThread(DefaultWorkerLeaseService.java:128)
	at org.gradle.internal.work.DefaultWorkerLeaseService.runAsWorkerThread(DefaultWorkerLeaseService.java:133)
	at org.gradle.internal.work.DefaultConditionalExecutionQueue$ExecutionRunner.runBatch(DefaultConditionalExecutionQueue.java:157)
	at org.gradle.internal.work.DefaultConditionalExecutionQueue$ExecutionRunner.run(DefaultConditionalExecutionQueue.java:126)
	... 2 more


BUILD FAILED in 13s
30 actionable tasks: 28 executed, 2 up-to-date
